> Task :build-tasks:checkKotlinGradlePluginConfigurationErrors SKIPPED
> Task :build-tasks:compileKotlin UP-TO-DATE
> Task :build-tasks:compileJava NO-SOURCE
> Task :build-tasks:pluginDescriptors UP-TO-DATE
> Task :build-tasks:processResources UP-TO-DATE
> Task :build-tasks:classes UP-TO-DATE
> Task :build-tasks:jar UP-TO-DATE
> Task :frontend:checkKotlinGradlePluginConfigurationErrors SKIPPED
> Task :shared:checkKotlinGradlePluginConfigurationErrors SKIPPED
> Task :shared:compileKotlin UP-TO-DATE
> Task :shared:compileJava NO-SOURCE
> Task :shared:processResources UP-TO-DATE
> Task :shared:classes UP-TO-DATE
> Task :shared:generateManifest UP-TO-DATE
> Task :shared:jar UP-TO-DATE
> Task :frontend:compileKotlin UP-TO-DATE
> Task :frontend:compileJava NO-SOURCE
> Task :frontend:generateProviderIcons UP-TO-DATE
> Task :frontend:generateProviderIconsDark UP-TO-DATE
> Task :frontend:processResources UP-TO-DATE
> Task :frontend:classes UP-TO-DATE
> Task :frontend:generateManifest UP-TO-DATE
> Task :frontend:jar UP-TO-DATE
> Task :frontend:processTestResources UP-TO-DATE
> Task :frontend:instrumentCode UP-TO-DATE
> Task :frontend:instrumentedJar UP-TO-DATE
> Task :frontend:composedJar UP-TO-DATE
> Task :shared:instrumentCode UP-TO-DATE
> Task :shared:instrumentedJar UP-TO-DATE
> Task :shared:composedJar UP-TO-DATE
> Task :frontend:prepareTestSandbox UP-TO-DATE
> Task :frontend:prepareTest UP-TO-DATE
> Task :frontend:compileTestKotlin
w: file:///workspace/contributions/kilocode-worktrees/timeline-baseline/packages/kilo-jetbrains/frontend/src/test/kotlin/ai/kilocode/client/actions/HistorySessionActionsTest.kt:462:30 'static fun createFromDataContext(p0: String, p1: Presentation?, p2: DataContext): AnActionEvent' is deprecated. Deprecated in Java.
w: file:///workspace/contributions/kilocode-worktrees/timeline-baseline/packages/kilo-jetbrains/frontend/src/test/kotlin/ai/kilocode/client/actions/HistorySessionActionsTest.kt:488:30 'static fun createFromDataContext(p0: String, p1: Presentation?, p2: DataContext): AnActionEvent' is deprecated. Deprecated in Java.
w: file:///workspace/contributions/kilocode-worktrees/timeline-baseline/packages/kilo-jetbrains/frontend/src/test/kotlin/ai/kilocode/client/actions/KiloRecoveryActionsTest.kt:581:30 'static fun createFromDataContext(p0: String, p1: Presentation?, p2: DataContext): AnActionEvent' is deprecated. Deprecated in Java.
w: file:///workspace/contributions/kilocode-worktrees/timeline-baseline/packages/kilo-jetbrains/frontend/src/test/kotlin/ai/kilocode/client/actions/SendPromptActionTest.kt:74:30 'static fun createFromDataContext(p0: String, p1: Presentation?, p2: DataContext): AnActionEvent' is deprecated. Deprecated in Java.
w: file:///workspace/contributions/kilocode-worktrees/timeline-baseline/packages/kilo-jetbrains/frontend/src/test/kotlin/ai/kilocode/client/actions/SessionContextMenuActionsTest.kt:428:30 'static fun createFromDataContext(p0: String, p1: Presentation?, p2: DataContext): AnActionEvent' is deprecated. Deprecated in Java.
w: file:///workspace/contributions/kilocode-worktrees/timeline-baseline/packages/kilo-jetbrains/frontend/src/test/kotlin/ai/kilocode/client/actions/SessionContextMenuActionsTest.kt:433:35 'static fun createFromDataContext(p0: String, p1: Presentation?, p2: DataContext): AnActionEvent' is deprecated. Deprecated in Java.
w: file:///workspace/contributions/kilocode-worktrees/timeline-baseline/packages/kilo-jetbrains/frontend/src/test/kotlin/ai/kilocode/client/actions/SessionSelectorActionsTest.kt:157:30 'static fun createFromDataContext(p0: String, p1: Presentation?, p2: DataContext): AnActionEvent' is deprecated. Deprecated in Java.
w: file:///workspace/contributions/kilocode-worktrees/timeline-baseline/packages/kilo-jetbrains/frontend/src/test/kotlin/ai/kilocode/client/actions/StopSessionActionTest.kt:50:30 'static fun createFromDataContext(p0: String, p1: Presentation?, p2: DataContext): AnActionEvent' is deprecated. Deprecated in Java.
w: file:///workspace/contributions/kilocode-worktrees/timeline-baseline/packages/kilo-jetbrains/frontend/src/test/kotlin/ai/kilocode/client/actions/SubmitDialogActionTest.kt:80:30 'static fun createFromDataContext(p0: String, p1: Presentation?, p2: DataContext): AnActionEvent' is deprecated. Deprecated in Java.
w: file:///workspace/contributions/kilocode-worktrees/timeline-baseline/packages/kilo-jetbrains/frontend/src/test/kotlin/ai/kilocode/client/actions/TitleButtonTest.kt:103:27 'fun updateActionsImmediately(): Unit' is deprecated.
w: file:///workspace/contributions/kilocode-worktrees/timeline-baseline/packages/kilo-jetbrains/frontend/src/test/kotlin/ai/kilocode/client/session/SessionShareTest.kt:125:30 'static fun createFromDataContext(p0: String, p1: Presentation?, p2: DataContext): AnActionEvent' is deprecated. Deprecated in Java.
w: file:///workspace/contributions/kilocode-worktrees/timeline-baseline/packages/kilo-jetbrains/frontend/src/test/kotlin/ai/kilocode/client/session/board/SessionBoardDialogTest.kt:198:36 'static fun isDisposed(p0: Disposable): Boolean' is deprecated. Deprecated in Java.
w: file:///workspace/contributions/kilocode-worktrees/timeline-baseline/packages/kilo-jetbrains/frontend/src/test/kotlin/ai/kilocode/client/session/board/SessionBoardDialogTest.kt:214:36 'static fun isDisposed(p0: Disposable): Boolean' is deprecated. Deprecated in Java.
w: file:///workspace/contributions/kilocode-worktrees/timeline-baseline/packages/kilo-jetbrains/frontend/src/test/kotlin/ai/kilocode/client/session/board/SessionBoardDialogTest.kt:255:36 'static fun isDisposed(p0: Disposable): Boolean' is deprecated. Deprecated in Java.
w: file:///workspace/contributions/kilocode-worktrees/timeline-baseline/packages/kilo-jetbrains/frontend/src/test/kotlin/ai/kilocode/client/session/ui/header/BranchDockTest.kt:428:30 'static fun createFromDataContext(p0: String, p1: Presentation?, p2: DataContext): AnActionEvent' is deprecated. Deprecated in Java.
w: file:///workspace/contributions/kilocode-worktrees/timeline-baseline/packages/kilo-jetbrains/frontend/src/test/kotlin/ai/kilocode/client/session/views/permission/PermissionViewTest.kt:421:20 Check for instance is always 'true'.
w: file:///workspace/contributions/kilocode-worktrees/timeline-baseline/packages/kilo-jetbrains/frontend/src/test/kotlin/ai/kilocode/client/settings/KiloSettingsConfigurableTest.kt:73:61 Check for instance is always 'true'.
w: file:///workspace/contributions/kilocode-worktrees/timeline-baseline/packages/kilo-jetbrains/frontend/src/test/kotlin/ai/kilocode/client/settings/agents/AgentBehaviorConfigurableTest.kt:32:20 Check for instance is always 'true'.
w: file:///workspace/contributions/kilocode-worktrees/timeline-baseline/packages/kilo-jetbrains/frontend/src/test/kotlin/ai/kilocode/client/ui/diagram/DiagramAsserts.kt:10:20 No cast needed.
w: file:///workspace/contributions/kilocode-worktrees/timeline-baseline/packages/kilo-jetbrains/frontend/src/test/kotlin/ai/kilocode/client/ui/diagram/DiagramAsserts.kt:12:16 No cast needed.
w: file:///workspace/contributions/kilocode-worktrees/timeline-baseline/packages/kilo-jetbrains/frontend/src/test/kotlin/ai/kilocode/client/ui/diagram/DiagramAsserts.kt:22:16 No cast needed.
w: file:///workspace/contributions/kilocode-worktrees/timeline-baseline/packages/kilo-jetbrains/frontend/src/test/kotlin/ai/kilocode/client/ui/diagram/mermaid/FlowParseTest.kt:217:21 No cast needed.
w: file:///workspace/contributions/kilocode-worktrees/timeline-baseline/packages/kilo-jetbrains/frontend/src/test/kotlin/ai/kilocode/client/ui/diagram/mermaid/SeqParseTest.kt:162:21 No cast needed.
w: file:///workspace/contributions/kilocode-worktrees/timeline-baseline/packages/kilo-jetbrains/frontend/src/test/kotlin/ai/kilocode/client/ui/md/MdViewDiagramTest.kt:271:63 Unnecessary non-null assertion (!!) on a non-null receiver of type 'JComponent'.

> Task :frontend:compileTestJava
> Task :frontend:testClasses
> Task :frontend:instrumentTestCode

> Task :frontend:test
error: XDG_RUNTIME_DIR is invalid or not set in the environment.
[0.038s][warning][cds] Archived non-system classes are disabled because the java.system.class.loader property is specified (value = "com.intellij.util.lang.PathClassLoader"). To use archived non-system classes, this property must not be set

ConnectionDelayRepeatTest > iteration-72 > test hide event sees updated connection state on EDT FAILED
    java.util.NoSuchElementException at ConnectionDelayTest.kt:435

ConnectionDelayRepeatTest > iteration-101 > test hide event sees updated connection state on EDT FAILED
    java.util.NoSuchElementException at ConnectionDelayTest.kt:435

ConnectionDelayRepeatTest > iteration-120 > test hide event sees updated connection state on EDT FAILED
    java.util.NoSuchElementException at ConnectionDelayTest.kt:435

ConnectionDelayRepeatTest > iteration-135 > test hide event sees updated connection state on EDT FAILED
    java.util.NoSuchElementException at ConnectionDelayTest.kt:435

Oct 08, 2026 11:52:34 AM com.intellij.openapi.diagnostic.AsyncLogKt logNow
INFO: Index dispose started
Oct 08, 2026 11:52:34 AM com.intellij.openapi.diagnostic.AsyncLogKt logNow
INFO: Dirty file ids stored. Size: 0. Index: 0 Path: /workspace/contributions/kilocode-worktrees/timeline-baseline/packages/kilo-jetbrains/.intellijPlatform/sandbox/frontend/IU-2026.1/system-test/index/dirty-file-queues/light_temp_3KPXfwR91P4XTdIGu96lsyVwje7c1b50560. Ids & filenames: {}
Oct 08, 2026 11:52:34 AM com.intellij.openapi.diagnostic.AsyncLogKt logNow
INFO: Dirty file ids read. Size: 0. Index: 0 Path: /workspace/contributions/kilocode-worktrees/timeline-baseline/packages/kilo-jetbrains/.intellijPlatform/sandbox/frontend/IU-2026.1/system-test/index/dirty-file-queues/light_temp_3KPVD29ZgbJTb0txC66w7sm2X5Re83ff173.
Oct 08, 2026 11:52:34 AM com.intellij.openapi.diagnostic.AsyncLogKt logNow
INFO: Dirty file ids read. Size: 0. Index: 0 Path: /workspace/contributions/kilocode-worktrees/timeline-baseline/packages/kilo-jetbrains/.intellijPlatform/sandbox/frontend/IU-2026.1/system-test/index/dirty-file-queues/light_temp_3KPXfwR91P4XTdIGu96lsyVwje7c1b50560.
Oct 08, 2026 11:52:34 AM com.intellij.openapi.diagnostic.AsyncLogKt logNow
INFO: Dirty file ids stored. Size: 0. Index: 0 Path: /workspace/contributions/kilocode-worktrees/timeline-baseline/packages/kilo-jetbrains/.intellijPlatform/sandbox/frontend/IU-2026.1/system-test/index/dirty-file-ids. Ids & filenames: {}
Oct 08, 2026 11:52:34 AM com.intellij.openapi.diagnostic.AsyncLogKt logNow
INFO: StubIndexExtension-s were unloaded
Oct 08, 2026 11:52:34 AM com.intellij.openapi.diagnostic.AsyncLogKt logNow
INFO: Start shutting down /workspace/contributions/kilocode-worktrees/timeline-baseline/packages/kilo-jetbrains/.intellijPlatform/sandbox/frontend/IU-2026.1/system-test/index/rep.names
Oct 08, 2026 11:52:34 AM com.intellij.openapi.diagnostic.AsyncLogKt logNow
INFO: Finished shutting down /workspace/contributions/kilocode-worktrees/timeline-baseline/packages/kilo-jetbrains/.intellijPlatform/sandbox/frontend/IU-2026.1/system-test/index/rep.names
Oct 08, 2026 11:52:34 AM com.intellij.openapi.diagnostic.AsyncLogKt logNow
INFO: Index dispose completed in 174ms.
Oct 08, 2026 11:52:34 AM com.intellij.openapi.diagnostic.AsyncLogKt logNow
INFO: VFS dispose started
Oct 08, 2026 11:52:34 AM com.intellij.openapi.diagnostic.AsyncLogKt logNow
INFO: VFS closing
Oct 08, 2026 11:52:34 AM com.intellij.openapi.diagnostic.AsyncLogKt logNow
INFO: VFS dispose completed in 5 ms.

> Task :frontend:test

200 tests completed, 4 failed

> Task :frontend:test FAILED

[Incubating] Problems report is available at: file:///workspace/contributions/kilocode-worktrees/timeline-baseline/packages/kilo-jetbrains/build/reports/problems/problems-report.html

FAILURE: Build failed with an exception.

* What went wrong:
Execution failed for task ':frontend:test'.
> There were failing tests. See the report at: file:///workspace/contributions/kilocode-worktrees/timeline-baseline/packages/kilo-jetbrains/frontend/build/reports/tests/test/index.html

* Try:
> Run with --scan to get full insights from a Build Scan (powered by Develocity).

Deprecated Gradle features were used in this build, making it incompatible with Gradle 10.

You can use '--warning-mode all' to show the individual deprecation warnings and determine if they come from your own scripts or plugins.

For more on this, please refer to https://docs.gradle.org/9.8.0/userguide/command_line_interface.html#sec:command_line_warnings in the Gradle documentation.

BUILD FAILED in 8m 3s
26 actionable tasks: 4 executed, 22 up-to-date
